✅ Bugün için 2498 haber yüklendi
📦 Today's cache initialized: 2498 news, key: 2025-10-17
✅ 331 aktif RSS feed yüklendi
🚀 Backend server 3001 portunda çalışıyor
📡 RSS beslemeleri her 5 dakikada bir güncellenecek
📁 Veriler şuraya kaydediliyor: ./data
📂 Arşiv yapısı: data/archives
🧠 Smart cache system aktif
⚡ Performance monitoring: /api/cache-status
🔥 Cache warming başladı...
📦 Cache HIT: Today news from cache (hits: 1)
  ✓ Bugünün haberleri cache'lendi
  ✓ Son 7 gün cache'lendi (21137 haber)
🔄 Cache MISS: Generating metadata cache from summary files
  ✓ Metadata cache'lendi
✅ Cache warming tamamlandı (95ms)
📊 Cache durumu: Archives=7, API Responses=0
📡 RSS haberleri çekiliyor...
🔄 AA (Anadolu Ajansı) kontrol ediliyor...
🔄 NTV kontrol ediliyor...
🔄 CNN Türk kontrol ediliyor...
🔄 Hürriyet kontrol ediliyor...
🔄 Milliyet kontrol ediliyor...
❌ Milliyet hatası: Status code 404
🔄 Sabah kontrol ediliyor...
🔄 NTV kontrol ediliyor...
🔄 NTV kontrol ediliyor...
🔄 Cumhuriyet kontrol ediliyor...
🔄 Milliyet kontrol ediliyor...
🔄 Takvim kontrol ediliyor...
📦 Cache HIT: Metadata from cache
🔄 Cache MISS: Generating API response [p1_l1_796b5566b98731e74b3db201eab47703...] (misses: 1)
📦 Cache HIT: Today news from cache (hits: 2)
✅ API response generated and cached [76ms]
🔄 Cache MISS: Generating API response [p2_l10_9b4d707e8cb0124affe87f1e94fd8c2a...] (misses: 2)
📦 Cache HIT: Today news from cache (hits: 3)
✅ API response generated and cached [65ms]
📦 Cache HIT: API response [0ms] (hits: 1)
🔄 Yeni Akit kontrol ediliyor...
🔄 Yeni Akit kontrol ediliyor...
🔄 TRT Haber kontrol ediliyor...
🔄 Mynet kontrol ediliyor...
🔄 Cumhuriyet kontrol ediliyor...
🔄 TRT Haber kontrol ediliyor...
🔄 AA (Anadolu Ajansı) kontrol ediliyor...
🔄 Mynet kontrol ediliyor...
🔄 Habertürk kontrol ediliyor...
🔄 Habertürk kontrol ediliyor...
🔄 Habertürk kontrol ediliyor...
🔄 DHA kontrol ediliyor...
❌ DHA hatası: Status code 404
🔄 İHA kontrol ediliyor...
❌ İHA hatası: Status code 404
🔄 Cumhuriyet kontrol ediliyor...
🔄 Hürriyet kontrol ediliyor...
🔄 NTV kontrol ediliyor...
🔄 CNN Türk kontrol ediliyor...
🔄 CNN Türk kontrol ediliyor...
🔄 Sözcü kontrol ediliyor...
🔄 Sözcü kontrol ediliyor...
🔄 Sözcü kontrol ediliyor...
🔄 Ensonhaber kontrol ediliyor...
🔄 Ensonhaber kontrol ediliyor...
🔄 Yeni Şafak kontrol ediliyor...
🔄 Yeni Şafak kontrol ediliyor...
❌ Yeni Şafak hatası: Status code 404
🔄 Hürriyet kontrol ediliyor...
🔄 Hürriyet kontrol ediliyor...
🔄 Milliyet kontrol ediliyor...
❌ Milliyet hatası: Status code 404
🔄 Milliyet kontrol ediliyor...
❌ Milliyet hatası: Status code 404
🔄 Sabah kontrol ediliyor...
🔄 Sabah kontrol ediliyor...
🔄 Akşam kontrol ediliyor...
❌ Akşam hatası: Status code 404
🔄 Star kontrol ediliyor...
🔄 Yeni Şafak kontrol ediliyor...
🔄 Türkiye Gazetesi kontrol ediliyor...
❌ Türkiye Gazetesi hatası: Status code 404
🔄 Takvim kontrol ediliyor...
❌ Takvim hatası: Unable to parse XML.
🔄 Vatan kontrol ediliyor...
❌ Vatan hatası: Status code 404
🔄 NTV kontrol ediliyor...
🔄 Anayurt Gazetesi kontrol ediliyor...
❌ Anayurt Gazetesi hatası: Status code 404
🔄 Cumhuriyet kontrol ediliyor...
🔄 Cumhuriyet kontrol ediliyor...
🔄 Cumhuriyet kontrol ediliyor...
🔄 Cumhuriyet kontrol ediliyor...
🔄 Cumhuriyet kontrol ediliyor...
🔄 Cumhuriyet kontrol ediliyor...
🔄 Cumhuriyet kontrol ediliyor...
🔄 Cumhuriyet kontrol ediliyor...
🔄 Cumhuriyet kontrol ediliyor...
🔄 Cumhuriyet kontrol ediliyor...
🔄 Milliyet kontrol ediliyor...
🔄 Star kontrol ediliyor...
🔄 Star kontrol ediliyor...
🔄 Star kontrol ediliyor...
🔄 Star kontrol ediliyor...
🔄 Takvim kontrol ediliyor...
🔄 Yeni Akit kontrol ediliyor...
🔄 CNN Türk kontrol ediliyor...
🔄 BBC Türkçe kontrol ediliyor...
🔄 Deutsche Welle kontrol ediliyor...
🔄 Mynet kontrol ediliyor...
🔄 Mynet kontrol ediliyor...
🔄 TOBB kontrol ediliyor...
🔄 CNN Türk kontrol ediliyor...
🔄 Milliyet kontrol ediliyor...
🔄 Vatan Gazetesi kontrol ediliyor...
🔄 Habertürk kontrol ediliyor...
🔄 Habertürk kontrol ediliyor...
🔄 Habertürk kontrol ediliyor...
🔄 T24 kontrol ediliyor...
🔄 Sabah kontrol ediliyor...
🔄 Haberler.com kontrol ediliyor...
🔄 Star.com.tr kontrol ediliyor...
🔄 A Haber kontrol ediliyor...
